// Jest Snapshot v1, https://goo.gl/fbAQLP

exports[`colorpicker change, undo, redo, and record renders App 1`] = `
<DocumentFragment>
  <button
    data-testid="undo"
  >
    undo
  </button>
  <button
    data-testid="redo"
  >
    redo
  </button>
  <label
    for="colorInput"
  >
    color input
  </label>
  <input
    id="colorInput"
    type="color"
    value="#FF0000"
  />
  <div
    data-testid="colorDiv"
    style="background-color: rgb(255, 0, 0); width: 10rem; height: 10rem;"
  />
</DocumentFragment>
`;
