// Jest Snapshot v1, https://goo.gl/fbAQLP

exports[`colorpicker change, undo, redo, and record renders App 1`] = `
<DocumentFragment>
  <button
    data-testid="undo"
    disabled=""
  >
    undo
  </button>
  <button
    data-testid="redo"
    disabled=""
  >
    redo
  </button>
  <label
    for="RECORD"
  >
    color input
  </label>
  <input
    id="RECORD"
    type="color"
    value="#000000"
  />
  <div
    data-testid="colorDiv"
    style="background-color: rgb(0, 0, 0); width: 10rem; height: 10rem;"
  />
</DocumentFragment>
`;
